src/app/(shop)/order/payment/[id]/page.tsx(28,29): error TS2307: Cannot find module '/home/user/studio/.next/types/app/(shop)/order/payment/[id]/page' or its corresponding type declarations.
src/app/(shop)/pages/[slug]/page.tsx(8,29): error TS2307: Cannot find module '/home/user/studio/.next/types/app/(shop)/pages/[slug]/page' or its corresponding type declarations.
src/app/cms/admin/brands/[id]/edit/page.tsx(11,29): error TS2307: Cannot find module '/home/user/studio/.next/types/app/cms/admin/brands/[id]/edit/page' or its corresponding type declarations.
src/app/cms/admin/categories/[slug]/edit/page.tsx(17,29): error TS2307: Cannot find module '/home/user/studio/.next/types/app/cms/admin/categories/[slug]/edit/page' or its corresponding type declarations.
src/app/cms/admin/customers/[id]/_components/reset-password-button.tsx(6,10): error TS2305: Module '"@/lib/admin-actions"' has no exported member 'resetCustomerPassword'.
src/app/cms/admin/customers/[id]/_components/reset-password-button.tsx(32,24): error TS7006: Parameter 'res' implicitly has an 'any' type.
src/app/cms/admin/customers/[id]/page.tsx(32,29): error TS2307: Cannot find module '/home/user/studio/.next/types/app/cms/admin/customers/[id]/page' or its corresponding type declarations.
src/app/cms/admin/discounts/[id]/edit/page.tsx(10,29): error TS2307: Cannot find module '/home/user/studio/.next/types/app/cms/admin/discounts/[id]/edit/page' or its corresponding type declarations.
src/app/cms/admin/email/actions.ts(14,30): error TS2307: Cannot find module 'genkit/flow' or its corresponding type declarations.
src/app/cms/admin/email/actions.ts(16,27): error TS2307: Cannot find module 'genkitx/googleai' or its corresponding type declarations.
src/app/cms/admin/email/actions.ts(21,63): error TS2554: Expected 3 arguments, but got 2.
src/app/cms/admin/email/actions.ts(23,10): error TS7006: Parameter 'input' implicitly has an 'any' type.
src/app/cms/admin/email/actions.ts(61,13): error TS2322: Type 'Customer[]' is not assignable to type 'UserProfile[]'.
  Property 'displayName' is missing in type 'Customer' but required in type 'UserProfile'.
src/app/cms/admin/email/actions.ts(66,13): error TS2322: Type 'Customer[]' is not assignable to type 'UserProfile[]'.
  Property 'displayName' is missing in type 'Customer' but required in type 'UserProfile'.
src/app/cms/admin/email/actions.ts(78,13): error TS2322: Type 'Customer[]' is not assignable to type 'UserProfile[]'.
  Property 'displayName' is missing in type 'Customer' but required in type 'UserProfile'.
src/app/cms/admin/email/actions.ts(88,13): error TS2322: Type 'Customer[]' is not assignable to type 'UserProfile[]'.
  Property 'displayName' is missing in type 'Customer' but required in type 'UserProfile'.
src/app/cms/admin/email/actions.ts(91,13): error TS2322: Type 'Customer[]' is not assignable to type 'UserProfile[]'.
  Property 'displayName' is missing in type 'Customer' but required in type 'UserProfile'.
src/app/cms/admin/moderators/[id]/edit/page.tsx(7,29): error TS2307: Cannot find module '/home/user/studio/.next/types/app/cms/admin/moderators/[id]/edit/page' or its corresponding type declarations.
src/app/cms/admin/orders/[id]/page.tsx(9,29): error TS2307: Cannot find module '/home/user/studio/.next/types/app/cms/admin/orders/[id]/page' or its corresponding type declarations.
src/app/cms/admin/pages/[slug]/page.tsx(11,29): error TS2307: Cannot find module '/home/user/studio/.next/types/app/cms/admin/pages/[slug]/page' or its corresponding type declarations.
src/app/cms/admin/products/[id]/edit/page.tsx(10,29): error TS2307: Cannot find module '/home/user/studio/.next/types/app/cms/admin/products/[id]/edit/page' or its corresponding type declarations.
src/app/profile/order-history/[id]/page.tsx(9,29): error TS2307: Cannot find module '/home/user/studio/.next/types/app/profile/order-history/[id]/page' or its corresponding type declarations.
src/app/reseller/order-history/[id]/page.tsx(9,29): error TS2307: Cannot find module '/home/user/studio/.next/types/app/reseller/order-history/[id]/page' or its corresponding type declarations.
src/components/ui/rich-text-editor.tsx(268,49): error TS2559: Type 'false' has no properties in common with type 'SetContentOptions'.
src/components/ui/rich-text-editor.tsx(277,54): error TS2559: Type 'false' has no properties in common with type 'SetContentOptions'.
